<?xml version="1.0" encoding="UTF-8"?>
<rss xmlns:dc="http://purl.org/dc/elements/1.1/" xmlns:content="http://purl.org/rss/1.0/modules/content/" xmlns:atom="http://www.w3.org/2005/Atom" version="2.0" xmlns:itunes="http://www.itunes.com/dtds/podcast-1.0.dtd" xmlns:geo="http://www.w3.org/2003/01/geo/wgs84_pos#">
	<channel>
		<title><![CDATA[Test podcast]]></title>
		<description><![CDATA[A podcast about interesting topics.]]></description>
		<link>http://github.com/dylang/node-rss</link>
		<generator>Podcast for Node</generator>
		<lastBuildDate>Thu, 05 Oct 2017 19:30:20 GMT</lastBuildDate>
		<atom:link href="/podcast.xml" rel="self" type="application/rss+xml"/>
		<author><![CDATA[Bruce Banner]]></author>
		<language><![CDATA[EN-US]]></language>
		<ttl>60</ttl>
		<category><![CDATA[podcast]]></category>
		<itunes:author>Bruce Banner</itunes:author>
		<itunes:subtitle>Test podcast</itunes:subtitle>
		<itunes:summary>A podcast about interesting topics.</itunes:summary>
		<itunes:owner>
			<itunes:name></itunes:name>
			<itunes:email></itunes:email>
		</itunes:owner>
		<itunes:explicit>No</itunes:explicit>
		<item>
			<title><![CDATA[Episode title]]></title>
			<description><![CDATA[Episode content. It can include html.]]></description>
			<link>http://example.com/episode4?this&amp;that</link>
			<guid isPermaLink="false">1123</guid>
			<category><![CDATA[Category 1]]></category>
			<category><![CDATA[Category 2]]></category>
			<category><![CDATA[Category 3]]></category>
			<category><![CDATA[Category 4]]></category>
			<dc:creator><![CDATA[Guest Author]]></dc:creator>
			<pubDate>Sat, 26 May 2012 21:00:00 GMT</pubDate>
			<geo:lat>33.417974</geo:lat>
			<geo:long>-111.933231</geo:long>
			<itunes:author>Max Nowack</itunes:author>
			<itunes:subtitle>I am a sub title</itunes:subtitle>
			<itunes:summary>I am a summary</itunes:summary>
			<itunes:explicit>No</itunes:explicit>
			<itunes:duration>12345</itunes:duration>
			<itunes:keywords>podcast</itunes:keywords>
		</item>
	</channel>
</rss>